// Jest Snapshot v1, https://goo.gl/fbAQLP

exports[`/api/geo-bucket-stats /day responds with daily stats for the timerange 1`] = `
{
  "dayStats": [
    {
      "averageOrderRevenue": 471.5,
      "date": "2023-01-01T00:00:00.000Z",
      "geoBucket": "Europe",
      "orders": 4,
      "revenue": 1886,
    },
    {
      "averageOrderRevenue": 275.3333333333333,
      "date": "2023-01-02T00:00:00.000Z",
      "geoBucket": "Asia",
      "orders": 6,
      "revenue": 1652,
    },
    {
      "averageOrderRevenue": 351,
      "date": "2023-01-03T00:00:00.000Z",
      "geoBucket": "Americas",
      "orders": 5,
      "revenue": 1755,
    },
    {
      "averageOrderRevenue": 321.6,
      "date": "2023-01-03T00:00:00.000Z",
      "geoBucket": "Europe",
      "orders": 5,
      "revenue": 1608,
    },
    {
      "averageOrderRevenue": 171.8,
      "date": "2023-01-04T00:00:00.000Z",
      "geoBucket": "Asia",
      "orders": 5,
      "revenue": 859,
    },
    {
      "averageOrderRevenue": 297.6666666666667,
      "date": "2023-01-05T00:00:00.000Z",
      "geoBucket": "Europe",
      "orders": 3,
      "revenue": 893,
    },
    {
      "averageOrderRevenue": 188.85714285714286,
      "date": "2023-01-06T00:00:00.000Z",
      "geoBucket": "Americas",
      "orders": 7,
      "revenue": 1322,
    },
    {
      "averageOrderRevenue": 130.25,
      "date": "2023-01-06T00:00:00.000Z",
      "geoBucket": "Asia",
      "orders": 4,
      "revenue": 521,
    },
    {
      "averageOrderRevenue": 296,
      "date": "2023-01-07T00:00:00.000Z",
      "geoBucket": "Asia",
      "orders": 4,
      "revenue": 1184,
    },
    {
      "averageOrderRevenue": 615,
      "date": "2023-01-08T00:00:00.000Z",
      "geoBucket": "Asia",
      "orders": 2,
      "revenue": 1230,
    },
    {
      "averageOrderRevenue": 428,
      "date": "2023-01-10T00:00:00.000Z",
      "geoBucket": "Americas",
      "orders": 4,
      "revenue": 1712,
    },
    {
      "averageOrderRevenue": 377.5,
      "date": "2023-01-10T00:00:00.000Z",
      "geoBucket": "Europe",
      "orders": 4,
      "revenue": 1510,
    },
    {
      "averageOrderRevenue": 345.4,
      "date": "2023-01-10T00:00:00.000Z",
      "geoBucket": "Other",
      "orders": 5,
      "revenue": 1727,
    },
    {
      "averageOrderRevenue": 255.66666666666666,
      "date": "2023-01-11T00:00:00.000Z",
      "geoBucket": "Americas",
      "orders": 3,
      "revenue": 767,
    },
    {
      "averageOrderRevenue": 239.11111111111111,
      "date": "2023-01-11T00:00:00.000Z",
      "geoBucket": "Asia",
      "orders": 9,
      "revenue": 2152,
    },
    {
      "averageOrderRevenue": 278.6666666666667,
      "date": "2023-01-12T00:00:00.000Z",
      "geoBucket": "Americas",
      "orders": 9,
      "revenue": 2508,
    },
    {
      "averageOrderRevenue": 64,
      "date": "2023-01-12T00:00:00.000Z",
      "geoBucket": "Europe",
      "orders": 1,
      "revenue": 64,
    },
    {
      "averageOrderRevenue": 260.57142857142856,
      "date": "2023-01-15T00:00:00.000Z",
      "geoBucket": "Asia",
      "orders": 7,
      "revenue": 1824,
    },
    {
      "averageOrderRevenue": 324.72727272727275,
      "date": "2023-01-16T00:00:00.000Z",
      "geoBucket": "Americas",
      "orders": 11,
      "revenue": 3572,
    },
    {
      "averageOrderRevenue": 37.333333333333336,
      "date": "2023-01-16T00:00:00.000Z",
      "geoBucket": "Other",
      "orders": 3,
      "revenue": 112,
    },
    {
      "averageOrderRevenue": 368,
      "date": "2023-01-17T00:00:00.000Z",
      "geoBucket": "Europe",
      "orders": 4,
      "revenue": 1472,
    },
    {
      "averageOrderRevenue": 127.25,
      "date": "2023-01-19T00:00:00.000Z",
      "geoBucket": "Americas",
      "orders": 8,
      "revenue": 1018,
    },
    {
      "averageOrderRevenue": 223.4,
      "date": "2023-01-21T00:00:00.000Z",
      "geoBucket": "Asia",
      "orders": 10,
      "revenue": 2234,
    },
    {
      "averageOrderRevenue": 273.2631578947368,
      "date": "2023-01-21T00:00:00.000Z",
      "geoBucket": "Other",
      "orders": 19,
      "revenue": 5192,
    },
    {
      "averageOrderRevenue": 157,
      "date": "2023-01-22T00:00:00.000Z",
      "geoBucket": "Asia",
      "orders": 4,
      "revenue": 628,
    },
    {
      "averageOrderRevenue": 168,
      "date": "2023-01-22T00:00:00.000Z",
      "geoBucket": "Europe",
      "orders": 9,
      "revenue": 1512,
    },
    {
      "averageOrderRevenue": 193.16666666666666,
      "date": "2023-01-23T00:00:00.000Z",
      "geoBucket": "Americas",
      "orders": 6,
      "revenue": 1159,
    },
    {
      "averageOrderRevenue": 105.16666666666667,
      "date": "2023-01-24T00:00:00.000Z",
      "geoBucket": "Asia",
      "orders": 6,
      "revenue": 631,
    },
    {
      "averageOrderRevenue": 292.2,
      "date": "2023-01-25T00:00:00.000Z",
      "geoBucket": "Asia",
      "orders": 10,
      "revenue": 2922,
    },
    {
      "averageOrderRevenue": 203,
      "date": "2023-01-26T00:00:00.000Z",
      "geoBucket": "Asia",
      "orders": 8,
      "revenue": 1624,
    },
    {
      "averageOrderRevenue": 285.3333333333333,
      "date": "2023-01-27T00:00:00.000Z",
      "geoBucket": "Asia",
      "orders": 3,
      "revenue": 856,
    },
    {
      "averageOrderRevenue": 302.6666666666667,
      "date": "2023-01-28T00:00:00.000Z",
      "geoBucket": "Asia",
      "orders": 9,
      "revenue": 2724,
    },
    {
      "averageOrderRevenue": 380.6666666666667,
      "date": "2023-01-28T00:00:00.000Z",
      "geoBucket": "Other",
      "orders": 3,
      "revenue": 1142,
    },
    {
      "averageOrderRevenue": 215.5,
      "date": "2023-01-29T00:00:00.000Z",
      "geoBucket": "Americas",
      "orders": 10,
      "revenue": 2155,
    },
    {
      "averageOrderRevenue": 338.4,
      "date": "2023-01-29T00:00:00.000Z",
      "geoBucket": "Other",
      "orders": 5,
      "revenue": 1692,
    },
    {
      "averageOrderRevenue": 213.33333333333334,
      "date": "2023-01-31T00:00:00.000Z",
      "geoBucket": "Asia",
      "orders": 3,
      "revenue": 640,
    },
    {
      "averageOrderRevenue": 460.3,
      "date": "2023-02-02T00:00:00.000Z",
      "geoBucket": "Asia",
      "orders": 10,
      "revenue": 4603,
    },
    {
      "averageOrderRevenue": 332.6666666666667,
      "date": "2023-02-03T00:00:00.000Z",
      "geoBucket": "Asia",
      "orders": 3,
      "revenue": 998,
    },
    {
      "averageOrderRevenue": 299.55555555555554,
      "date": "2023-02-05T00:00:00.000Z",
      "geoBucket": "Americas",
      "orders": 9,
      "revenue": 2696,
    },
    {
      "averageOrderRevenue": 364.3333333333333,
      "date": "2023-02-06T00:00:00.000Z",
      "geoBucket": "Americas",
      "orders": 3,
      "revenue": 1093,
    },
    {
      "averageOrderRevenue": 280.375,
      "date": "2023-02-07T00:00:00.000Z",
      "geoBucket": "Other",
      "orders": 8,
      "revenue": 2243,
    },
    {
      "averageOrderRevenue": 255.83333333333334,
      "date": "2023-02-08T00:00:00.000Z",
      "geoBucket": "Asia",
      "orders": 6,
      "revenue": 1535,
    },
    {
      "averageOrderRevenue": 252,
      "date": "2023-02-08T00:00:00.000Z",
      "geoBucket": "Other",
      "orders": 9,
      "revenue": 2268,
    },
    {
      "averageOrderRevenue": 318.8,
      "date": "2023-02-09T00:00:00.000Z",
      "geoBucket": "Europe",
      "orders": 5,
      "revenue": 1594,
    },
    {
      "averageOrderRevenue": 279.5,
      "date": "2023-02-10T00:00:00.000Z",
      "geoBucket": "Americas",
      "orders": 20,
      "revenue": 5590,
    },
    {
      "averageOrderRevenue": 230,
      "date": "2023-02-10T00:00:00.000Z",
      "geoBucket": "Asia",
      "orders": 1,
      "revenue": 230,
    },
    {
      "averageOrderRevenue": 214.25,
      "date": "2023-02-11T00:00:00.000Z",
      "geoBucket": "Asia",
      "orders": 8,
      "revenue": 1714,
    },
    {
      "averageOrderRevenue": 222.66666666666666,
      "date": "2023-02-11T00:00:00.000Z",
      "geoBucket": "Other",
      "orders": 9,
      "revenue": 2004,
    },
    {
      "averageOrderRevenue": 251.95833333333334,
      "date": "2023-02-13T00:00:00.000Z",
      "geoBucket": "Europe",
      "orders": 24,
      "revenue": 6047,
    },
    {
      "averageOrderRevenue": 206.88888888888889,
      "date": "2023-02-14T00:00:00.000Z",
      "geoBucket": "Other",
      "orders": 9,
      "revenue": 1862,
    },
    {
      "averageOrderRevenue": 345.85714285714283,
      "date": "2023-02-16T00:00:00.000Z",
      "geoBucket": "Europe",
      "orders": 14,
      "revenue": 4842,
    },
    {
      "averageOrderRevenue": 157.5,
      "date": "2023-02-17T00:00:00.000Z",
      "geoBucket": "Europe",
      "orders": 10,
      "revenue": 1575,
    },
    {
      "averageOrderRevenue": 393.6666666666667,
      "date": "2023-02-19T00:00:00.000Z",
      "geoBucket": "Europe",
      "orders": 6,
      "revenue": 2362,
    },
    {
      "averageOrderRevenue": 306.5625,
      "date": "2023-02-20T00:00:00.000Z",
      "geoBucket": "Asia",
      "orders": 16,
      "revenue": 4905,
    },
    {
      "averageOrderRevenue": 230.77777777777777,
      "date": "2023-02-21T00:00:00.000Z",
      "geoBucket": "Europe",
      "orders": 9,
      "revenue": 2077,
    },
    {
      "averageOrderRevenue": 318.8,
      "date": "2023-02-23T00:00:00.000Z",
      "geoBucket": "Europe",
      "orders": 10,
      "revenue": 3188,
    },
    {
      "averageOrderRevenue": 579,
      "date": "2023-02-24T00:00:00.000Z",
      "geoBucket": "Other",
      "orders": 4,
      "revenue": 2316,
    },
    {
      "averageOrderRevenue": 261.96153846153845,
      "date": "2023-02-25T00:00:00.000Z",
      "geoBucket": "Americas",
      "orders": 26,
      "revenue": 6811,
    },
    {
      "averageOrderRevenue": 298.27272727272725,
      "date": "2023-02-25T00:00:00.000Z",
      "geoBucket": "Europe",
      "orders": 11,
      "revenue": 3281,
    },
    {
      "averageOrderRevenue": 228.5,
      "date": "2023-02-25T00:00:00.000Z",
      "geoBucket": "Other",
      "orders": 12,
      "revenue": 2742,
    },
    {
      "averageOrderRevenue": 241.86666666666667,
      "date": "2023-02-26T00:00:00.000Z",
      "geoBucket": "Americas",
      "orders": 15,
      "revenue": 3628,
    },
    {
      "averageOrderRevenue": 379.5,
      "date": "2023-02-26T00:00:00.000Z",
      "geoBucket": "Asia",
      "orders": 10,
      "revenue": 3795,
    },
    {
      "averageOrderRevenue": 371.4,
      "date": "2023-02-27T00:00:00.000Z",
      "geoBucket": "Americas",
      "orders": 5,
      "revenue": 1857,
    },
    {
      "averageOrderRevenue": 282,
      "date": "2023-02-27T00:00:00.000Z",
      "geoBucket": "Asia",
      "orders": 12,
      "revenue": 3384,
    },
    {
      "averageOrderRevenue": 68.6,
      "date": "2023-02-28T00:00:00.000Z",
      "geoBucket": "Americas",
      "orders": 5,
      "revenue": 343,
    },
    {
      "averageOrderRevenue": 235.25,
      "date": "2023-02-28T00:00:00.000Z",
      "geoBucket": "Europe",
      "orders": 4,
      "revenue": 941,
    },
    {
      "averageOrderRevenue": 247.5,
      "date": "2023-03-01T00:00:00.000Z",
      "geoBucket": "Americas",
      "orders": 6,
      "revenue": 1485,
    },
    {
      "averageOrderRevenue": 138.4,
      "date": "2023-03-01T00:00:00.000Z",
      "geoBucket": "Other",
      "orders": 10,
      "revenue": 1384,
    },
    {
      "averageOrderRevenue": 227.625,
      "date": "2023-03-02T00:00:00.000Z",
      "geoBucket": "Europe",
      "orders": 8,
      "revenue": 1821,
    },
    {
      "averageOrderRevenue": 314.3333333333333,
      "date": "2023-03-03T00:00:00.000Z",
      "geoBucket": "Asia",
      "orders": 9,
      "revenue": 2829,
    },
    {
      "averageOrderRevenue": 228.22222222222223,
      "date": "2023-03-03T00:00:00.000Z",
      "geoBucket": "Other",
      "orders": 9,
      "revenue": 2054,
    },
    {
      "averageOrderRevenue": 303.25,
      "date": "2023-03-04T00:00:00.000Z",
      "geoBucket": "Americas",
      "orders": 8,
      "revenue": 2426,
    },
    {
      "averageOrderRevenue": 584.8,
      "date": "2023-03-05T00:00:00.000Z",
      "geoBucket": "Asia",
      "orders": 5,
      "revenue": 2924,
    },
    {
      "averageOrderRevenue": 211.6,
      "date": "2023-03-05T00:00:00.000Z",
      "geoBucket": "Other",
      "orders": 10,
      "revenue": 2116,
    },
    {
      "averageOrderRevenue": 212.44444444444446,
      "date": "2023-03-09T00:00:00.000Z",
      "geoBucket": "Americas",
      "orders": 9,
      "revenue": 1912,
    },
    {
      "averageOrderRevenue": 220,
      "date": "2023-03-09T00:00:00.000Z",
      "geoBucket": "Other",
      "orders": 8,
      "revenue": 1760,
    },
  ],
}
`;

exports[`/api/geo-bucket-stats /total responds with total stats for the timerange 1`] = `
{
  "totalStats": [
    {
      "averageOrderRevenue": 263.85505021294495,
      "geoBucket": "Americas",
      "orders": 169,
      "revenue": 43809,
    },
    {
      "averageOrderRevenue": 285.2164682539683,
      "geoBucket": "Asia",
      "orders": 170,
      "revenue": 48598,
    },
    {
      "averageOrderRevenue": 285.1043714455479,
      "geoBucket": "Europe",
      "orders": 131,
      "revenue": 36673,
    },
    {
      "averageOrderRevenue": 262.8477290448343,
      "geoBucket": "Other",
      "orders": 123,
      "revenue": 30614,
    },
  ],
}
`;
